// Jest Snapshot v1, https://jestjs.io/docs/snapshot-testing

exports[`404 handler returns a structured 404 for unknown routes 1`] = `
{
  "error": {
    "message": "Route GET /api/does-not-exist not found",
    "statusCode": 404,
  },
  "success": false,
}
`;

exports[`GET /health returns a healthy status payload 1`] = `
{
  "message": "API is healthy",
  "success": true,
  "timestamp": "<ISO_TIMESTAMP>",
}
`;
